[  0.000000] Initializing cgroup subsys cpuset
[    0.000000] Initializing cgroup subsys cpu
[    0.000000] Initializing cgroup subsys cpuacct
[    0.000000] Linux version 4.4.0-124-generic (buildd@lcy01-amd64-028) (gcc version 5.4.0 20160609 (Ubuntu 5.4.0-6ubuntu1~16.04.9) ) #148-Ubuntu SMP Wed May 2 13:00:18 UTC 2018 (Ubuntu 4.4.0-124.148-generic 4.4.117)
[    0.000000] Command line BOOT_IMAGE=/boot/vmlinuz-4.4.0-124-generic root=LABEL=cloudimgootfs ro console=tty1 console=ttyS0
[    0.000000] KERNEL supported cpus:
[    0.000000]   Intel GenuineIntel
[    0.000000]   AMD AuthenticAMD
[    0.000000]   Centaur CentaurHauls
[    0.000000] x86/fpu: xstate_offset[2]:  576,, xstate_sizes[2]:  256
[    0.000000] x86/fpu: Supporting XSAVE feature 0x01: 'x87 floating point registers'
[    0.000000] x86/fpu: Supporting XSAVE feature 0x02: 'SSE registers'
[    0.000000] x86/fpu: Supporting XSE eature0x4:'AX register
   0.00000]86fpu: Enabled xstate fatre 0x7 cntxtsize is 832 bytes, using 'standard' format.
[  0.000000] x86/fpu: Using 'lazy' FPU context switches.
[   0.000000] e820: BIOS-provided physical RAM map:
[   .000000] BIOS-e820: [mem 0x0000000000000000-0x000000000009fbff] usable
[    0.000000] BIOS-e820: [mem 0x000000000009fc00-0x000000000009ffff] reserved
[    0.000000] BIOS-e820: [mem 0x00000000000f0000-0x00000000000fffff] reserved
[    0.000000] BIOS-e820: [mem 0x0000000000100000-0x000000003ffeffff] usable
[    0.00000] BIOS-e820: [mem 0x000000003fff0000-0x000000003fffffff] AI data
[    0.000000] BIOS-e820: [mem 0x00000000fec0000-0x00000000fec00fff] reserved
[    0.000000] BIOS-e820: [mem 0000000fee00000-0x00000000fee00fff] reserved
[  000000] BIOS-e820: [mem 0x00000000fffc0000-0x00000000ffffffff] reserved
[  000000] NX (Execute Disable) protection: active
[  0.000000] SMBIOS 2.5 present.
[    0.000000] Hypervisor detected: KVM
[    0.000000] e820: last_pfn = 0x3fff0 max_arch_pfn = 0x400000000
[    0.000000] TRR:isbld
[  000000] x/PT:MTRRs dsale, kippingATinitlizaion too.
[    0.000000] CPU TRRs all blank - virtualized system.
[    0.000000] x86/PAT: Configation [0-7]: WB  WT  UC- UC  WB  WT  UC- UC  
[    0.000000] found SMP MP-table at [mem 0x0009fff0-0x0009ffff] mapped at [ffff88000009fff0]
[    0.000000] Scanning 1 areas for low memory corruption
[    0.000000] RAMDISK: [mem 0x36a9c000-0x37545fff]
[    0.000000] ACPI: Early table checksum verification disabled
[    0.000000] ACPI: RSDP 0x00000000000E0000 000024 (v02 VBOX  )
[    0.000000] ACPI: XSDT 0x000000003FFF0030 00003C (v01 VBOX   VBOXXSDT 00000001 ASL  00000061)
[    0.000000] ACPI: FACP 0x00000003FFF00F0 0000F4 (v04 VBOX   VBOXFACP 00000001 ASL  00000061)
[    0.000000] ACPI: DSDT 0x000000003FFF0470 0021FF (v02 VBOX   VBOXBIOS 00000002 INTL 20100528)
[    0.000000] ACPI: FACS 0x000000003FFF0200 000040
[    0.00000] ACPI: FACS 0x000000003FFF0200 000040
[    0.000000] ACPI: APIC 0x000000003FFF0240 00005C (v02 VBOX   VBOXAPIC 00000001 ASL  00000061)
[    0.000000] ACPI: SSDT 0x000000003FFF02A0 0001CC (v01 VBOX   VBOXCPUT 00000002 INTL 20100528)
[    0.000000] No NUMA configuration found
[    0.0000] Faking a node at [mem 0x0000000000000000-0x000000003ffeffff]
[    0.000000] NODE_DATA(0) allocated [mem 0x3ffeb000-0x3ffeffff]
[    0.000000] kvm-clock: Using msrs 4b564d01 and 4b564d00
[    0.000000] kvm-clock: cpu 0, msr 0:3ffe3001, primary cpu clock
[  0000000] kvm-clock: using sched offt  3470098302 cycles
[  0000000] clocksource: kvm-clock: mask: 0xffffffffffffffff max_cycles: 0x1cd42e4dffb, max_idle_ns: 881590591483 ns
[   .000000] Zone ranges:
[    0.000000]   DMA      [mem 0x0000000000001000-0x0000000000ffffff]
[    0.000000]   DMA32    [mem 0x0000000001000000-0x000000003ffeffff]
[    0.000000]   Normal   empty
[    0.000000]   Device   empty
[    0.000000] Movable zone start for each node
[    0.000000] Early memory node ranges
[    0.000000]   node   0: [mem 0x0000000000001000-0x000000000009efff]
[    0.000000]   node   0: [mem 0x0000000000100000-0x000000003ffeffff]
[    0.000000] Initmem setup node 0 [mem 0x0000000000001000-0x000000003ffeffff]
[    0.000000] ACPI: PM-Timer IO Port: 0x4008
[    0.000000] IOAPIC[0]: apic_id 2, version 32, address 0xfec00000, GSI 0-23
[    0.000000] ACPI: INT_SRC_OVR (bus 0 bus_irq 0 global_irq 2 dfl dfl)
[    0.000000] ACPI: INT_SRC_OVR (bus 0 bus_irq 9 global_irq 9 low level)
[    0.000000] Using ACPI (MADT) for SMP configuration information
[    0.000000] smpboot: Allowing 2 CPUs, 0 hotplug CPUs
[    0.000000] PM: Registered nosave memory: [mem 0x00000000-0x00000fff]
[    0.000000] PM: Registered nosave memory: [mem 0x0009f000-0x0009ffff]
[    0.000000] PM: Registered nosave memory: [mem 0x000a0000-0x000effff]
[    0.000000] PM: Registered nosave memory: [mem 0x000f0000-0x000fffff]
[    0.000000] e820: [mem 0x40000000-0xfebfffff] available for PCI devices
[    0.000000] Booting paravirtualized kernel on KVM
[    0.000000] clocksource: refined-jiffies: mask: 0xffffffff max_cycles: 0xffffffff, max_idle_ns: 7645519600211568 ns
[    0.000000] setup_percpu: NR_CPUS:512 nr_cpumask_bits:512 nr_cpu_ids:2 nr_node_ids:1
[    0.000000] PERCPU: Embedded 34 pages/cpu @ffff88003fc00000 s99544 r8192 d31528 u1048576
[    0.000000] PV qspinlock hash table entries: 256 (order: 0, 4096 bytes)
[    0.000000] Built 1 zonelists in Node order, mobility grouping on.  Total pages: 257912
[    0.000000] Policy zone: DMA32
[    0.000000] Kernel command line: BOOT_IMAGE=/boot/vmlinuz-4.4.0-124-generic root=LABEL=cloudimg-rootfs ro console=tty1 console=ttyS0
[    0.000000] PID hash table entries: 4096 (order: 3, 32768 bytes)
[    0.000000] Memory: 1001604K/1048120K available (8532K kernel code, 1313K rwdata, 3996K rodata, 1508K init, 1316K bss, 46516K reserved, 0K cma-reserved)
[    0.000000] SLUB: HWalign=64, Order=0-3, MinObjects=0, CPUs=2, Nodes=1
[    0.000000] Kernel/User page tables isolation: enabled
[    0.000000] Hierarchical RCU implementation.
[    0.000000] 	Build-time adjustment of leaf fanout to 64.
[    0.000000] 	RCU restricting CPUs from NR_CPUS=512 to nr_cpu_ids=2.
[    0.000000] RCU: Adjusting geometry for rcu_fanout_leaf=64, nr_cpu_ids=2
[    0.000000] NR_IRQS:33024 nr_irqs:440 16
[    000000] Console: colour VGA+ 80x25
[    0.000000] console [tty1] enabled
[    0.000000] console [ttyS0] enabled
[    0.000000] tsc: Detected 2496.000 MHz processor
[    1.578882] Calibrating delay loop (skipped) preset value.. 4992.00 BogoMIPS (lpj=9984000)
[    1.581294] pid_max: default: 32768 minimum: 301
[    1.582178] ACPI: Core revision 20150930
[    1.610484] ACPI: 2 ACPI AML tables successfully acquired and loaded
[    1.658396] Security Framework initialized
[    1.661670] Yama: becoming mindful.
[    1.664470] AppArmor: AppArmor initialized
[    1.673217] Dentry cache hash table entries: 131072 (order: 8, 1048576 bytes)
[    1.696990] Inode-cache hash table entries: 65536 (order: 7, 524288 bytes)
[    1.705778] Mount-cache hash table entries: 2048 (order: 2, 16384 bytes)
[    1.724071] Mountpoint-cache hash table entries: 2048 (order: 2, 16384 bytes)
[    1.747261] Initializing cgroup subsys io
[    1.762125] Initializing cgroup subsys memory
[    1.794649] Initializing cgroup subsys devices
[    1.829712] Initializing cgroup subsys freezer
[    1.838496] Initializing cgroup subsys net_cls
[    1.854899] Initializing cgroup subsys perf_event
[    1.870048] Initializing cgroup subsys net_prio
[    1.871205] Initializing cgroup subsys hugetlb
[    1.872274] Initializing cgroup subsys pids
[    1.873369] CPU: Physical Processor ID: 0
[    1.874336] CPU: Processor Core ID: 0
[    1.875265] FEATURE SPEC_CTRL Not Present
[    1.877333] mce: CPU supports 0 MCE banks
[    1.878330] Last level iTLB entries: 4KB 64, 2MB 8, 4MB 8
[    1.879587] Last level dTLB entries: 4KB 64, 2MB 0, 4MB 0, 1GB 4
[    1.881049] Spectre V2 mitigation: Mitigation: Full generic retpoline
[    1.889007] Spectre V2 mitigation: Speculation control IBPB not-supported IBRS not-supported
[    1.898490] Spectre V2 mitigation: Filling RSB on context switch
[    1.911753] Freeing SMP alternatives memory: 32K
[    1.934541] ftrace: allocating 32202 entries in 126 pages
[    2.004395] smpboot: APIC(0) Converting physical 0 to logical package 0
[    2.032409] smpboot: Max logical packages: 1
[    2.072204] x2apic enabled
[    2.093138] Switched APIC routing to physical x2apic.
[    2.109478] ..TIMER: vector=0x30 apic1=0 pin1=2 apic2=-1 pin2=-1
[    2.218521] smpboot: CPU0: Intel(R) Core(TM) i5-6300U CPU @ 2.40GHz (family: 0x6, model: 0x4e, stepping: 0x3)
[    2.267383] Performance Events: unsupported p6 CPU model 78 no PMU driver, software events only.
[    2.279368] KVM setup paravirtual spinlock
[    2.289260] x86: Booting SMP configuration:
[    2.290784] .... node  #0, CPUs:      #1
[    2.291877] kvm-clock: cpu 1, msr 0:3ffe3041, secondary cpu clock
[    2.317234] mce: CPU supports 0 MCE banks
[    2.320016] x86: Booted up 1 node, 2 CPUs
[    2.321575] smpboot: Total of 2 processors activated (9984.00 BogoMIPS)
[    2.324206] devtmpfs: initialized
[    2.332086] evm: security.selinux
[    2.332983] evm: security.SMACK64
[    2.333879] evm: security.SMACK64EXEC
[    2.335017] evm: security.SMACK64TRANSMUTE
[    2.338177] evm: security.SMACK64MMAP
[    2.339174] evm: security.ima
[    2.340588] evm: security.capability
[    2.341882] clocksource: jiffies: mask: 0xffffffff max_cycles: 0xffffffff, max_idle_ns: 7645041785100000 ns
[    2.343909] futex hash table entries: 512 (order: 3, 32768 bytes)
[    2.345683] pinctrl core: initialized pinctrl subsystem
[    2.347120] RTC time: 12:20:35, date: 05/26/18
[    2.355454] NET: Registered protocol family 16
[    2.377548] cpuidle: using governor ladder
[    2.397556] cpuidle: using governor menu
[    2.407269] PCCT header not found.
[    2.408122] ACPI: bus type PCI registered
[    2.408980] acpiphp: ACPI Hot Plug PCI Controller Driver version: 0.5
[    2.410856] PCI: Using configuration type 1 for base access
[    2.425301] ACPI: Added _OSI(Module Device)
[    2.426254] ACPI: Added _OSI(Processor Device)
[    2.427059] ACPI: Added _OSI(3.0 _SCP Extensions)
[    2.427891] ACPI: Added _OSI(Processor Aggregator Device)
[    2.429507] ACPI: Executed 1 blocks of module-level executable AML code
[    2.433131] ACPI: Interpreter enabled
[    2.453341] ACPI: (supports S0 S5)
[    2.476783] ACPI: Using IOAPIC for interrupt routing
[    2.528634] PCI: Using host bridge windows from ACPI; if necessary, use "pci=nocrs" and report a bug
[    2.591148] ACPI: PCI Root Bridge [PCI0] (domain 0000 [bus 00-ff])
[    2.645633] acpi PNP0A03:00: _OSC: OS supports [ASPM ClockPM Segments MSI]
[    2.690894] acpi PNP0A03:00: _OSC: not requesting OS control; OS requires [ExtendedConfig ASPM ClockPM MSI]
[    2.746851] acpi PNP0A03:00: fail to add MMCONFIG information, can't access extended PCI configuration space under this bridge.
[    2.766615] PCI host bridge to bus 0000:00
[    2.784885] pci_bus 0000:00: root bus resource [io  0x0000-0x0cf7 window]
[    2.793684] pci_bus 0000:00: root bus resource [io  0x0d00-0xffff window]
[    2.802483] pci_bus 0000:00: root bus resource [mem 0x000a0000-0x000bffff window]
[    2.808381] pci_bus 0000:00: root bus resource [mem 0x40000000-0xfdffffff window]
[    2.825395] pci_bus 0000:00: root bus resource [bus 00-ff]
[    2.830920] pci 0000:00:01.1: legacy IDE quirk: reg 0x10: [io  0x01f0-0x01f7]
[    2.841843] pci 0000:00:01.1: legacy IDE quirk: reg 0x14: [io  0x03f6]
[    2.853548] pci 0000:00:01.1: legacy IDE quirk: reg 0x18: [io  0x0170-0x0177]
[    2.855070] pci 0000:00:01.1: legacy IDE quirk: reg 0x1c: [io  0x0376]
[    2.876761] pci 0000:00:07.0: quirk: [io  0x4000-0x403f] claimed by PIIX4 ACPI
[    2.912225] pci 0000:00:07.0: quirk: [io  0x4100-0x410f] claimed by PIIX4 SMB
[    2.943041] ACPI: PCI Interrupt Link [LNKA] (IRQs 5 9 10 *11)
[    2.974719] ACPI: PCI Interrupt Link [LNKB] (IRQs 5 9 *10 11)
[    2.994653] ACPI: PCI Interrupt Link [LNKC] (IRQs 5 *9 10 11)
[    2.996266] ACPI: PCI Interrupt Link [LNKD] (IRQs 5 9 10 *11)
[    2.997987] ACPI: Enabled 2 GPEs in block 00 to 07
[    2.999466] vgaarb: setting as boot device: PCI:0000:00:02.0
[    3.013115] vgaarb: device added: PCI:0000:00:02.0,decodes=io+mem,owns=io+mem,locks=none
[    3.021488] vgaarb: loaded
[    3.022138] vgaarb: bridge control possible 0000:00:02.0
[    3.023438] SCSI subsystem initialized
[    3.024370] ACPI: bus type USB registered
[    3.028983] usbcore: registered new interface driver usbfs
[    3.030691] usbcore: registered new interface driver hub
[    3.031748] usbcore: registered new device driver usb
[    3.034330] PCI: Using ACPI for IRQ routing
[    3.035569] NetLabel: Initializing
[    3.036427] NetLabel:  domain hash size = 128
[    3.044534] NetLabel:  protocols = UNLABELED CIPSOv4
[    3.052184] NetLabel:  unlabeled traffic allowed by default
[    3.063029] amd_nb: Cannot enumerate AMD northbridges
[    3.087528] clocksource: Switched to clocksource kvm-clock
[    3.096695] AppArmor: AppArmor Filesystem Enabled
[    3.097673] pnp: PnP ACPI init
[    3.099076] pnp: PnP ACPI: found 3 devices
[    3.110664] clocksource: acpi_pm: mask: 0xffffff max_cycles: 0xffffff, max_idle_ns: 2085701024 ns
[  31277 NT:Restered protocol family 2

[    3.363746] TCP established hash table entries: 8192 (order: 4, 65536 bytes)
[    3.365071] TCP bind hash table entries: 8192 (order: 5, 131072 bytes)
[    3.366273] TCP: Hash tables configured (established 8192 bind 8192)
[    3.367374] UDP hash table entries: 512 (order: 2, 16384 bytes)
[    3.368506] UDP-Lite hash table entries: 512 (order: 2, 16384 bytes)
[    3.370533] NET: Registered protocol family 1
[    3.371450] pci 0000:00:00.0: Limiting direct PCI/PCI transfers
[    3.372651] pci 0000:00:01.0: Activating ISA DMA hang workarounds
[    3.374032] Unpacking initramfs...
[    5.241119] Freeing initrd memory: 10920K
[    5.242297] platform rtc_cmos: registered platform RTC device (no PNP device found)
[    5.243853] Scanning for low memory corruption every 60 seconds
[    5.245631] audit: initializing netlink subsys (disabled)
[    5.246736] audit: type=2000 audit(1527337241.198:1): initialized
[    5.250940] Initialise system trusted keyring
[    5.252155] HugeTLB registered 2 MB page size, pre-allocated 0 pages
[    5.263853] zbud: loaded
[    5.264945] VFS: Disk quotas dquot_6.6.0
[    5.265834] VFS: Dquot-cache hash table entries: 512 (order 0, 4096 bytes)
[    5.276300] squashfs: version 4.0 (2009/01/31) Phillip Lougher
[    5.277861] fuse init (API version 7.23)
[    5.278828] Key type big_key registered
[    5.279604] Allocating IMA MOK and blacklist keyrings.
[    5.283861] Key type asymmetric registered
[    5.284842] Asymmetric key parser 'x509' registered
[    5.285881] Block layer SCSI generic (bsg) driver version 0.4 loaded (major 249)
[    5.363107] io scheduler noop registered
[    5.393499] io scheduler deadline registered (default)
[    5.439407] io scheduler cfq registered
[    563097] pci_hotplug: PCI Hot Plug PCI Core version: 0.5
[    5.522278] pciehp: PCI Express Hot Plug Controller Driver version: 0.4
[    5.524001] ACPI: AC Adapter [AC] (off-line)
[    5.524962] input: Power Button as /devices/LNXSYSTM:00/LNXPWRBN:00/input/input0
[    5.526580] ACPI: Power ButtonPWRF]

[    5.578714] input: Sleep Button as /devices/LNXSYSTM:00/LNXSLPBN:/ipuinut
[  58037ACPI: Sleep Button [SLPF]

[    5.980444] GHES: HEST is not enabled!
[    5.981070] ACPI: BatterSlt [BAT0] (battery pest)
[   .1491]Seia: 501650river, 32 ports, IRQ sharing enabled
[  65201 tsc: Refined TSC clocksource calibration: 2496.104 MHz

[    6.677325] clocksource: tsc: mask: 0xffffffffffffffff max_cycles: 0x23fad976bfb, max_idle_ns: 440795296392 ns
[    6.708248] 00:02: ttyS0 at I/O 0x3f8 (irq = 4, base_baud = 115200) is a 16550A
[    6.714230] Linux agpgart interface v0.103
[    6.717790] loop: module loaded
[    6.749579] scsi host0: ata_piix
[    6.758526] scsi host1: ata_piix
[    6.759307] ata1: PATA max UDMA/33 cmd 0x1f0 ctl 0x3f6 bmdma 0xd000 irq 14
[    6.761102] ata2: PATA max UDMA/33 cmd 0x170 ctl 0x376 bmdma 0xd008 irq 15
[    6.762608] libphy: Fixed MDIO Bus: probed
[    6.764483] tun: Universal TUN/TAP device driver, 1.6
[    6.765484] tun: (C) 1999-2004 Max Krasnyansky <maxk@qualcomm.com>
[    6.766972] PPP generic driver version 2.4.2
[    6.768101] ehci_hcd: USB 2.0 'Enhanced' Host Controller (EHCI) Driver
[    6.771410] ehci-pci: EHCI PCI platform driver
[    6.772356] ehci-platform: EHCI generic platform driver
[    6.773870] ohci_hcd: USB 1.1 'Open' Host Controller (OHCI) Driver
[    6.786697] ohci-pci: OHCI PCI platform driver
[    6.793792] ohci-platform: OHCI generic platform driver
[    6.794904] uhci_hcd: USB Universal Host Controller Interface driver
[    6.796242] i8042: PNP: PS/2 Controller [PNP0303:PS2K,PNP0f03:PS2M] at 0x60,0x64 irq 1,12
[    6.798368] serio: i8042 KBD port at 0x60,0x64 irq 1
[    6.799356] serio: i8042 AUX port at 0x60,0x64 irq 12
[    6.801103] mousedev: PS/2 mouse device common for all mice
[    6.802968] input: AT Translated Set 2 keyboard as /devices/platform/i8042/serio0/input/input2
[    6.805150] rtc_cmos rtc_cmos: rtc core: registered rtc_cmos as rtc0
[    6.806516] rtc_cmos rtc_cmos: alarms up to one day, 114 bytes nvram
[    6.807798] i2c /dev entries driver
[    6.808667] device-mapper: uevent: version 1.0.3
[    6.810622] device-mapper: ioctl: 4.34.0-ioctl (2015-10-28) initialised: dm-devel@redhat.com
[    6.812460] ledtrig-cpu: registered to indicate activity on CPUs
[    6.814213] NET: Registered protocol family 10
[    6.815323] NET: Registered protocol family 17
[    6.816394] Key type dns_resolver registered
[    6.818128] registered taskstats version 1
[    6.818986] Loading compiled-in X.509 certificates
[    6.827023] Loaded X.509 cert 'Build time autogenerated kernel key: 97a7db5071cab428e7f67f96f51ed8d32b3fc527'
[    6.845731] zswap: loaded using pool lzo/zbud
[    6.856492] Key type trusted registered
[    6.862558] Key type encrypted registered
[    6.868332] AppArmor: AppArmor sha1 policy hashing enabled
[    6.869465] ima: No TPM chip found, activating TPM-bypass!
[    6.870997] evm: HMAC attrs: 0x1
[    6.872168]   Magic number: 2:491:330
[    6.873047] tty tty51: hash matches
[    6.873948] rtc_cmos rtc_cmos: setting system clock to 2018-05-26 12:20:40 UTC (1527337240)
[    6.888041] BIOS EDD facility v0.16 2004-Jun-25, 0 devices found
[    6.889247] EDD information not available.
[    6.917019] Freeing unused kernel memory: 1508K
[    6.958152] Write protecting the kernel read-only data: 14336k
[    6.983727] Freeing unused kernel memory: 1696K
[    7.022957] Freeing unused kernel memory: 100K
Loading, please [    7.066516] random: systemd-udevd: uninitialized urandom read (16 bytes read, 5 bits of entropy available)
wait...
startin[    7.067213] random: udevadm: uninitialized urandom read (16 bytes read, 5 bits of entropy available)
g version 229
[    7.067232] random: udevadm: uninitialized urandom read (16 bytes read, 5 bits of entropy available)
[    7.074854] random: udevadm: uninitialized urandom read (16 bytes read, 5 bits of entropy available)
[    7.074893] random: udevadm: uninitialized urandom read (16 bytes read, 5 bits of entropy available)
[    7.075046] random: udevadm: uninitialized urandom read (16 bytes read, 5 bits of entropy available)
[    7.075091] random: udevadm: uninitialized urandom read (16 bytes read, 5 bits of entropy available)
[    7.075133] random: udevadm: uninitialized urandom read (16 bytes read, 5 bits of entropy available)
[    7.075175] random: udevadm: uninitialized urandom read (16 bytes read, 5 bits of entropy available)
[    7.075218] random: udevadm: uninitialized urandom read (16 bytes read, 5 bits of entropy available)
[    7.141373] e1000: Intel(R) PRO/1000 Network Driver - version 7.3.21-k8-NAPI
[    7.153675] e1000: Copyright (c) 1999-2006 Intel Corporation.
[    7.166373] Fusion MPT base driver 3.04.20
[    7.168296] Copyright (c) 1999-2008 LSI Corporation
[    7.174737] Fusion MPT SPI Host driver 3.04.20
[    7.177231] mptbase: ioc0: Initiating bringup
[    7.189245] AVX2 version of gcm_enc/dec engaged.
[    7.190711] AES CTR mode by8 optimization enabled
[    7.247735] ioc0: LSI53C1030 A0: Capabilities={Initiator}
[    7.369644] input: ImExPS/2 Generic Explorer Mouse as /devices/platform/i8042/serio1/input/input4
[    7.502572] scsi host2: ioc0: LSI53C1030 A0, FwRev=00000000h, Ports=1, MaxQ=256, IRQ=20
[    7.666351] scsi 2:0:0:0: Direct-Access     VBOX     HARDDISK         1.0  PQ: 0 ANSI: 5
[    7.710463] scsi target2:0:0: Beginning Domain Validation
[    7.714440] scsi target2:0:0: Domain Validation skipping write tests
[    7.728538] scsi target2:0:0: Ending Domain Validation
[    7.754128] scsi target2:0:0: asynchronous
[    7.762935] scsi 2:0:1:0: Direct-Access     VBOX     HARDDISK         1.0  PQ: 0 ANSI: 5
[    7.765039] scsi target2:0:1: Beginning Domain Validation
[    7.767782] scsi target2:0:1: Domain Validation skipping write tests
[    7.785733] scsi target2:0:1: Ending Domain Validation
[    7.786873] scsi target2:0:1: asynchronous
[    7.821456] sd 2:0:0:0: Attached scsi generic sg0 type 0
[    7.822703] sd 2:0:1:0: Attached scsi generic sg1 type 0
[    7.823824] sd 2:0:1:0: [sdb] 20480 512-byte logical blocks: (10.5 MB/10.0 MiB)
[    7.825529] sd 2:0:0:0: [sda] 20971520 512-byte logical blocks: (10.7 GB/10.0 GiB)
[    7.836049] sd 2:0:1:0: [sdb] Write Protect is off
[    7.837187] sd 2:0:1:0: [sdb] Incomplete mode parameter data
[    7.838315] sd 2:0:1:0: [sdb] Assuming drive cache: write through
[    7.845443] sd 2:0:0:0: [sda] Write Protect is off
[    7.846836] sd 2:0:0:0: [sda] Incomplete mode parameter data
[    7.848021] sd 2:0:0:0: [sda] Assuming drive cache: write through
[    7.857041]  sda: sda1
[    7.858401] sd 2:0:0:0: [sda] Attached SCSI disk
[    7.862104] sd 2:0:1:0: [sdb] Attached SCSI disk
[    8.081374] e1000 0000:00:03.0 eth0: (PCI:33MHz:32-bit) 02:41:7b:83:f1:96
[    8.119077] e1000 0000:00:03.0 eth0: Intel(R) PRO/1000 Network Connection
[    8.572637] e1000 0000:00:08.0 eth1: (PCI:33MHz:32-bit) 08:00:27:eb:96:38
[    8.619100] e1000 0000:00:08.0 eth1: Intel(R) PRO/1000 Network Connection
[    9.056408] e1000 0000:00:09.0 eth2: (PCI:33MHz:32-bit) 08:00:27:aa:a8:51
[    9.108394] e1000 0000:00:09.0 eth2: Intel(R) PRO/1000 Network Connection
[    9.158341] e1000 0000:00:09.0 enp0s9: renamed from eth2
[    9.200567] e1000 0000:00:03.0 enp0s3: renamed from eth0
[    9.240761] e1000 0000:00:08.0 enp0s8: renamed from eth1
Begin: Loading essential drivers[   10.657764] md: linear personality registered for level -1
 ... [   10.738139] md: multipath personality registered for level -4
[   10.742315] md: raid0 personality registered for level 0
[   10.746686] md: raid1 personality registered for level 1
[   10.815544] raid6: sse2x1   gen()  9234 MB/s
[   10.916485] raid6: sse2x1   xor()  7050 MB/s
[   11.044984] raid6: sse2x2   gen() 11792 MB/s
[   11.155545] raid6: sse2x2   xor()  6923 MB/s
[   11.231977] raid6: sse2x4   gen() 12854 MB/s
[   11.299535] raid6: sse2x4   xor()  8784 MB/s
[   11.408044] raid6: avx2x1   gen() 17656 MB/s
[   11.484471] raid6: avx2x2   gen() 21656 MB/s
[   11.551970] raid6: avx2x4   gen() 23189 MB/s
[   11.556974] raid6: using algorithm avx2x4 gen() 23189 MB/s
[   11.557989] raid6: using avx2x2 recovery algorithm
[   11.568950] xor: automatically using best checksumming function:
[   11.623956]    avx       : 15786.000 MB/sec
[   11.657583] async_tx: api initialized (async)
[   11.681756] md: raid6 personality registered for level 6
[   11.688769] md: raid5 personality registered for level 5
[   11.722192] md: raid4 personality registered for level 4
[   11.779013] md: raid10 personality registered for level 10
done.
Begin: Running /scripts/init-premount ... done.
Begin: Mounti[   11.809087] Btrfs loaded
ng root file system ... Begin: Running /scripts/local-top ... done.
Begin: Running /scripts/local-premount ... Scanning for Btrfs filesystems
done.
Warning: fsck not present, so skipping root file system
[   11.852743] EXT4-fs (sda1): mounted filesystem with ordered data mode. Opts: (null)
done.
Begin: Running /scripts/local-bottom ... done.
Begin: Running /scripts/init-bottom ... done.
[   11.965790] systemd[1]: systemd 229 running in system mode. (+PAM +AUDIT +SELINUX +IMA +APPARMOR +SMACK +SYSVINIT +UTMP +LIBCRYPTSETUP +GCRYPT +GNUTLS +ACL +XZ -LZ4 +SECCOMP +BLKID +ELFUTILS +KMOD -IDN)
[   11.969185] systemd[1]: Detected virtualization oracle.
[   11.970948] systemd[1]: Detected architecture x86-64.

Welcome to [1mUbuntu 16.04.4 LTS[0m!

[   12.025884] systemd[1]: Set hostname to <ubuntu>.
[   12.060977] systemd[1]: Initializing machine ID from random generator.
[   12.095511] systemd[1]: Installed transient /etc/machine-id file.
[   12.341705] systemd[1]: Listening on Syslog Socket.
[[0;32m  OK  [0m] Listening on Syslog Socket.
[   12.343779] systemd[1]: Started Forward Password Requests to Wall Directory Watch.
[[0;32m  OK  [0m] Started Forward Password Requests to Wall Directory Watch.
[   12.346675] systemd[1]: Listening on Journal Audit Socket.
[[0;32m  OK  [0m] Listening on Journal Audit Socket.
[   12.349100] systemd[1]: Listening on Journal Socket (/dev/log).
[[0;32m  OK  [0m] Listening on Journal Socket (/dev/log).
[   12.352643] systemd[1]: Listening on udev Kernel Socket.
[[0;32m  OK  [0m] Listening on udev Kernel Socket.
[   12.355064] systemd[1]: Listening on Journal Socket.
[[0;32m  OK  [0m] Listening on Journal Socket.
[   12.364412] systemd[1]: Set up automount Arbitrary Executable File Formats File System Automount Point.
[[0;32m  OK  [0m] Set up automount Arbitrary Executab...ats File System Automount Point.
[   12.369029] systemd[1]: Created slice System Slice.
[[0;32m  OK  [0m] Created slice System Slice.
[   12.384697] systemd[1]: Starting Create list of required static device nodes for the current kernel...
         Starting Create list of required st... nodes for the current kernel...
[   12.436368] systemd[1]: Starting Journal Service...
         Starting Journal Service...
[   12.457206] systemd[1]: Listening on udev Control Socket.
[[0;32m  OK  [0m] Listening on udev Control Socket.
[   12.488271] systemd[1]: Listening on LVM2 poll daemon socket.
[[0;32m  OK  [0m] Listening on LVM2 poll daemon socket.
[   12.540614] systemd[1]: Starting Set console keymap...
         Starting Set console keymap...
[   12.557121] systemd[1]: Reached target Encrypted Volumes.
[[0;32m  OK  [0m] Reached target Encrypted Volumes.
[   12.588708] systemd[1]: Listening on LVM2 metadata daemon socket.
[[0;32m  OK  [0m] Listening on LVM2 metadata daemon socket.
[   12.656975] systemd[1]: Starting Nameserver information manager...
         Starting Nameserver information manager...
[   12.804170] systemd[1]: Mounting Huge Pages File System...
         Mounting Huge Pages File System...
[   12.842491] systemd[1]: Mounting POSIX Message Queue File System...
         Mounting POSIX Message Queue File System...
[   12.873646] systemd[1]: Starting Uncomplicated firewall...
         Starting Uncomplicated firewall...
[   126252 rndm: nonblocking pool is initialized
[   13.167776] systemd[1]: Starting Load Kernel Modules...
         [   13.185561] Loading iSCSI transport class v2.0-870.
Starting Load Kernel Modules...
[   13.190278] systemd[1]: Listening on Device-mapper event daemon FIFOs.
[[0;32m  OK  [0[   13.213455] iscsi: registered transport (tcp)
m] Listening on Device-mapper ev[   13.281145] iscsi: registered transport (iser)
ent daemon FIFOs.
[   13.346809] systemd[1]: Reached target System Time Synchronized.
[[0;32m  OK  [0m] Reached target System Time Synchronized.
[   13.350018] systemd[1]: Reached target User and Group Name Lookups.
[[0;32m  OK  [0m] Reached target User and Group Name Lookups.
[   13.423783] syem[1]: Listening on /deintctl Compatibility Named Pipe.
[[0;32m  OK  [0m] Listening on /dev/initctl Compatibility Named Pipe.
[   13.618376] systemd[1]: Created slice User and Session Slice.
[[0;32m  OK  [0m] Created slice User and Session Slice.
[   13.624277] systemd[1]: Reached target Slices.
[[0;32m  OK  [0m] Reached target Slices.
[   13.640665] systemd[1]: Mounting Debug File System...
         Mounting Debug File System...
[   13.643563] systemd[1]: Starting Monitoring of LVM2 mirrors, snapshots etc. using dmeventd or progress polling...
         Starting Monitoring of LVM2 mirrors... dmeventd or progress polling...
[   13.664060] systemd[1]: Reached target Swap.
[[0;32m  OK  [0m] Reached target Swap.
[  1.722] ysem[1: tate Trigger resolvconf update for networkd DNS.

[[0;32m  OK  [0m] Started Trigger resolvconf update for networkd DNS.
[   14.064615] systemd[1]: Created slice system-serial\x2dgetty.slice.
[[0;32m  OK  [0m] Created slice system-serial\x2dgetty.slice.
[   14.084173] systemd[1]: Starting Remount Root and Kernel File Systems...
         [   14.124850] EXT4-fs (sda1): re-mounted. Opts: (null)
Starting Remount Root and Kernel File Systems...
[   14.284825] systemd[1]: Mounted Huge Pages File System.
[[0;32m  OK  [0m] Mounted Huge Pages File System.
[   14.354241] systemd[1]: Mounted Debug File System.
[[0;32m  OK  [0m] Mounted Debug File System.
[   14.402649] systemd[1]: Mounted POSIX Message Queue File System.
[[0;32m  OK  [0m] Mounted POSIX Message Queue File System.
[   14.415172] systemd[1]: Started Journal Service.
[[0;32m  OK  [0m] Started Journal Service.
[[0;32m  OK  [0m] Started Create list of required sta...ce nodes for the current kernel.
[[0;32m  OK  [0m] Started Set console keymap.
[[0;32m  OK  [0m] Started Uncomplicated firewall.
[[0;32m  OK  [0m] Started Load Kernel Modules.
[[0;32m  OK  [0m] Started Remount Root and Kernel File Systems.
[[0;32m  OK  [0m] Started Nameserver information manager.
[[0;32m  OK  [0m] Started LVM2 metadata daemon.
         Starting udev Coldplug all Devices...
         Starting Load/Save Random Seed...
         Starting Initial cloud-init job (pre-networking)...
         Mounting FUSE Control File System...
         Starting Apply Kernel Variables...
         Starting Create Static Device Nodes in /dev...
         Starting Flush Journal to Persistent Storage...
[[0;32m  OK  [0m] Mounted FUSE Control File System.
[[0;32m  OK  [0m] Started Load/Save Random Seed.
[[0;32m  OK  [0m] Started Apply Kernel Variables.
[[0;32m  OK  [0m] Started Create Static Device Nodes in /dev.
[[0;32m  OK  [0m] Started Flush Journal to Persistent Storage.
[[0;32m  OK  [0m] Started udev Coldplug all Devices.
         Starting udev Kernel Device Manager...
[[0;32m  OK  [0m] Started udev Kernel Device Manager.
[[0;32m  OK  [0m] Started Dispatch Password Requests to Console Directory Watch.
[[0;32m  OK  [0m] Started Monitoring of LVM2 mirrors,...ng dmeventd or progress polling.
[[0;32m  OK  [0m] Reached target Local File Systems (Pre).
[[0;32m  OK  [0m] Reached target Local File Systems.
         Starting Set console font and keymap...
         Starting Tell Plymouth To Write Out Runtime Data...
         Starting Create Volatile Files and Directories...
         Starting Commit a transient machine-id on disk...
         Starting LSB: AppArmor initialization...
[[0;32m  OK  [0m] Started Create Volatile Files and Directories.
[[0;32m  OK  [0m] Started Tell Plymouth To Write Out Runtime Data.
[[0;32m  OK  [0m] Started Commit a transient machine-id on disk.
         Starting Update UTMP about System Boot/Shutdown...
[[0;32m  OK  [0m] Found device /dev/ttyS0.
[[0;32m  OK  [0m] Started Update UTMP about System Boot/Shutdown.
[[0;32m  OK  [0m] Listening on Load/Save RF Kill Switch Status /dev/rfkill Watch.
[   13.365753] cloud-init[449]: Cloud-init v. 18.2 running 'init-local' at Sat, 26 May 2018 12:20:49 +0000. Up 12.93 seconds.
[[0;32m  OK  [0m] Started Initial cloud-init job (pre-networking).
[[0;32m  OK  [0m] Started LSB: AppArmor initialization.
[[0;32m  OK  [0m] Reached target Network (Pre).
         Starting Raise network interfaces...
[[0;32m  OK  [0m] Started Set console font and keymap.
[[0;32m  OK  [0m] Created slice system-getty.slice.
[[0;32m  OK  [0m] Started Raise network interfaces.
[[0;32m  OK  [0m] Reached target Network.
         Starting Initial cloud-init job (metadata service crawler)...
[   15.680639] cloud-init[958]: Cloud-init v. 18.2 running 'init' at Sat, 26 May 2018 12:20:51 +0000. Up 15.03 seconds.
[   15.789998] cloud-init[958]: [[0;32m  OK  [0m] Started Initial cloud-init job (metadata service crawler).
ci-info: ++++++++++++++++++++++++++++++++++++++Net device info++++++++++++++++++++++++++++++++++++++
[   15.877883] [[0;32m  OK  [0m] Reached target Network is Online.
cloud-init[958]: ci-info: +--------+-------+----------------------------+---------------+-------+-------------------+
[   15.948810] cloud-init[958]: ci-info: | Device |   Up  |          Address           |      Mask     | Scope |     Hw-Address    |
[   15.950007] cloud-init[958]: ci-info: +--------+-------+----------------------------+---------------+-------+-------------------+
         Starting iSCSI initiator daemon (iscsid)...
[[   15.951267] cloud-init[958]: ci-info: | enp0s3 |  True |         10.0.2.15          | 255.255.255.0 |   .   | 02:41:7b:83:f1:96 |
[0;32m  OK  [0m] Reached target Cloud-config availability.
[   16.126708] cloud-init[958]: ci-info: | enp0s3 |  True | fe80::41:7bff:fe83:f196/64 |       .       |  link | 02:41:7b:83:f1:96 |
[   16.281781] cloud-init[958]: ci-info: | enp0s8 | False |             .              |       .       |   .   | 08:00:27:eb:96:38 |
[   16.283047] cloud-init[958]: ci-info: | enp0s9 | False |             .              |       .       |   .   | 08:00:27:aa:a8:51 |
[   16.283956] cloud-init[958]: ci-info: |   lo   |  True |         127.0.0.1          |   255.0.0.0   |   .   |         .         |
[   16.285527] cloud-init[958]: ci-info: |   lo   |  True |          ::1/128           |       .       |  host |         .         |
[   16.286970] cloud-init[958]: ci-info: +--------+-------+----------------------------+---------------+-------+-------------------+
[   16.289178] cloud-init[958]: ci-info: +++++++++++++++++++++++++++Route IPv4 info++++++++++++++++++++++++++++
[   16.290641] cloud-init[958]: ci-info: +-------+-------------+----------+---------------+-----------+-------+
[   16.292202] cloud-init[958]: ci-info: | Route | Destination | Gateway  |    Genmask    | Interface | Flags |
[   16.293713] cloud-init[958]: ci-info: +-------+-------------+----------+---------------+-----------+-------+
[   16.295158] cloud-init[958]: ci-info: |   0   |   0.0.0.0   | 10.0.2.2 |    0.0.0.0    |   enp0s3  |   UG  |
[   16.297439] cloud-init[958]: ci-info: |   1   |   10.0.2.0  | 0.0.0.0  | 255.255.255.0 |   enp0s3  |   U   |
[   16.298143] cloud-init[958]: ci-info: +-------+-------------+----------+---------------+-----------+-------+
[   16.300484] cloud-init[958]: Generating public/private rsa key pair.
[   16.301956] cloud-init[958]: Your identification has been saved in /etc/ssh/ssh_host_rsa_key.
[   16.303352] cloud-init[958]: Your public key has been saved in /etc/ssh/ssh_host_rsa_key.pub.
[   16.305095] cloud-init[958]: The key fingerprint is:
[   16.306330] cloud-init[958]: SHA256:8vrqEZ6MWuel+y/7MNCbKOdtWwSE7H5E9sli5uye5tk root@ubuntu-xenial
[   16.307868] cloud-init[958]: The key's randomart image is:
[   16.309290] cloud-init[958]: +---[RSA 2048]----+
[   16.310775] cloud-init[958]: |     . ..        |
[   16.312277] cloud-init[958]: |      o.o        |
[   16.313765] cloud-init[958]: |     . o.o .     |
[   16.315207] cloud-init[958]: |      ..=.+      |
[   16.317481] cloud-init[958]: |     .+*S..      |
[   16.318948] cloud-init[958]: |     +.B++       |
[   16.319733] cloud-init[958]: |    + OoB .      |
[   16.321182] cloud-init[958]: |   o * *=B       |
[   16.322662] cloud-init[958]: |  .  .OX@*E      |
[[0;32m  OK  [0m] Reached target System Initialization.
[[0;32m  OK  [0m] Listening on UUID daemon activation socket.
[   16.325700] cloud-init[958]: +----[SHA256]-----+
[   16.625619] [[0;32m  OK  [0m] Started ACPI Events Check.
[[0;32m  OK  [0m] Reached target Paths.
cloud-init[958]: Generating public/private dsa key pair.
[[0;32m  OK  [0m] Listening on ACPID Listen Socket.
[   16.643875] cloud-init[958]: Your identification has been saved in /etc/ssh/ssh_host_dsa_key.
[   16.671096]          cloud-initStarting Socket activation for snappy daemon.[958]: 
Your public key has been saved in /etc/ssh/ssh_host_dsa_key.pub.
[   16.732374] [cloud-init[0;32m  OK  [0m[958]: ] The key fingerprint is:Started Daily apt download activities.

[[0;32m  OK  [0m] Started Daily apt upgrade and clean activities.
[[0;32m  OK  [0m] Listening on D-Bus System Message Bus Socket.
[[0;32m  OK  [0m] Started Daily Cleanup of Temporary Directories.
[   16.733816] [cloud-init[0;32m  OK  [0m[958]: ] SHA256:R3hqIFO9sSkUlpXxtR74DXvO9BtvEzHYUChsfPlDLGM root@ubuntu-xenialReached target Timers.

[   16.822153]          cloud-initStarting LXD - unix socket.[958]: 
The key's randomart image is:
[[0;32m  OK  [0m] Listening on Socket activation for snappy daemon.
[   16.856580] [cloud-init[0;32m  OK  [0m[958]: ] +---[DSA 1024]----+Listening on LXD - unix socket.

[[0;32m  OK  [0m] Started iSCSI initiator daemon (iscsid).
[   16.901816] cloud-init[958]: |      +=ooo . =. |
[   16.928724] cloud-init[958]: |     oo +o B E o |
[   16.935034] cloud-init[958]: |    o.. .=* B O  |
[   16.942009] cloud-init[958]: |     o..++ o * * |
[   16.947467] cloud-init[958]: |       .S . + + +|
         Starting Login to default iSCSI targets...
[[0;32m  OK  [0m] Reached target Sockets.
[[0;32m  OK  [0m] Reached target Basic System.
         Starting LSB: MD monitoring daemon...
[   16.975649]          Starting LSB: Record successful boot for GRUB...
cloud-init[958]:          Starting Login Service...
|       . .   = o |
[[0;32m  OK  [0m] Started FUSE filesystem for LXC.
[[0;32m  OK  [0m] Started Deferred execution scheduler.
[[0;32m  OK  [0m] Started Unattended Upgrades Shutdown.
[[0;32m  OK  [0m] Started Regular background program processing daemon.
         Starting LXD - container startup/shutdown...
         Starting Apply the settings specified in cloud-config...
[   16.994654] cloud-init[958]: |              o.o|
[   17.017703] cloud-init[958]: |               .=|
[   17.031371] cloud-init[958]: |               oo|
         Starting Pollinate to seed the pseudo random number generator...
[   17.031996] cloud-init[958]: +----[SHA256]-----+
[   17.047658] cloud-init[958]: Generating public/private ecdsa key pair.
[   17.051179] cloud-init[958]: Your identification has been saved in /etc/ssh/ssh_host_ecdsa_key.
[   17.096480] cloud-init[[0;32m  OK  [0m] Started D-Bus System Message Bus.
[958]: Your public key has been saved in /etc/ssh/ssh_host_ecdsa_key.pub.
[   17.099327] cloud-init[958]: The key fingerprint is:
[   17.104482] cloud-init[958]: SHA256:ueOSGkZypWfwJBx7rYgOE/xBccwaZIxdzexlUB+1jws root@ubuntu-xenial
[   17.107607] cloud-init[958]: The key's randomart image is:
         Starting /etc/rc.local Compatibility...
[   17.121116] cloud-init         Starting System Logging Service...
[958]: +---[ECDSA 256]---+
         Starting Virtualbox guest utils...
[   17.129479] cloud-init[958]: |  ==*o+.o. ...   |
[   17.152784]          Starting Accounts Service...
cloud-init[958]: |..o=.= = o. . .  |
[   17.155518] cloud-init[958]: |.. .B = +  . .   |
[   17.188541] [[0;32m  OK  [0m] Started ACPI event daemon.
cloud-init[958]: | ..o.X o .    o  |
[   17.201702]          Starting Snappy daemon...
cloud-init[958]: |o o.= = S  E . . |
[   17.223064] [[0;32m  OK  [0m] Started System Logging Service.
cloud-init[[0;32m  OK  [0m] Started LXD - container startup/shutdown.
[958]: [[0;32m  OK  [0m] Started /etc/rc.local Compatibility.
| + + o   .  . .  |
[   17.227015] cloud-init[958]: |  . o  .o    .   |
[   17.234804] cloud-init[958]: |   . .o. .       |
[   17.260383] cloud-init[958]: |    .. ..        |
[   17.278761] cloud-init[958]: +----[SHA256]-----+
[   17.290327] cloud-init[958]: Generating public/private ed25519 key pair.
[[0;32m  OK  [0m] Started LSB: Record successful boot for GRUB.
[   17.315391] cloud-init[958]: Your identification has been saved in /etc/ssh/ssh_host_ed25519_key.
[   17.334253] cloud-init[958]: Your public key has been saved in /etc/ssh/ssh_host_ed25519_key.pub.
[   17.339885] cloud-init[958]: The key fingerprint is:
[[0;32m  OK  [0m] Started Login to default iSCSI targets.
[   17.361712] [[0;32m  OK  [0m] Started LSB: MD monitoring daemon.
cloud-init[958]: SHA256:tyKL6LziKhgFBeVdFoQ8g3BZZNGuAsNGk1Ej3qufm6U root@ubuntu-xenial
[   17.364665] cloud-init[958]: The key's randomart image is:
[   17.377258] cloud-init[958]: +--[ED25519 256]--+
[   17.385951] cloud-init[958]: |oBBO===.         |
[   17.397002] cloud-init[958]: |o*=o*o.          |
[   17.401407] cloud-init[958]: |ooo..+           |
[   17.405415] cloud-init[958]: |oo. . .          |
[   17.406857] cloud-init[958]: |.+ . .  S .      |
[   17.408940] cloud-init[958]: |. o .    . .     |
[[0;32m  OK  [0m] Started Login Service.
[   17.416589] cloud-init[958]: |.o . .. . .      |
[   17.426077] cloud-init[958]: |+...=. o .       |
         Starting Authenticate and Authorize Users to Run Privileged Tasks...
[[0;32m  OK  [0m] Reached target Remote File Systems (Pre).
[[0;32m  OK  [0m] Reached target Remote File Systems.
[   17.436502] cloud-init[958]: |=+=Eo .          |
         Starting LSB: Set the CPU Frequency Scaling governor to "ondemand"...
         Starting LSB: daemon to balance interrupts for SMP systems...
         Starting Permit User Sessions...
         Starting LSB: automatic crash report generation...
[[0;32m  OK  [0m] Started Snappy daemon.
[   17.491352] cloud-init[958]: +----[SHA256]-----+
[[0;32m  OK  [0m] Started Permit User Sessions.
[[0;32m  OK  [0m] Started Virtualbox guest utils.
[[0;32m  OK  [0m] Started Authenticate and Authorize Users to Run Privileged Tasks.
[[0;32m  OK  [0m] Started Accounts Service.
[[0;32m  OK  [0m] Started LSB: Set the CPU Frequency Scaling governor to "ondemand".
         Starting Hold until boot process finishes up...
         Starting Terminate Plymouth Boot Screen...
[[0;32m  OK  [0m] Started LSB: daemon to balance interrupts for SMP systems.
[[0;32m  OK  [0m] Started LSB: automatic crash report generation.
[[0;32m  OK  [0m] Started Hold until boot process finishes up.
[[0;32m  OK  [0m] Started Terminate Plymouth Boot Screen.
[[0;32m  OK  [0m] Started Serial Getty on ttyS0.
         Starting Set console scheme...
[[0;32m  OK  [0m] Started Getty on tty1.
[[0;32m  OK  [0m] Reached target Login Prompts.
[[0;32m  OK  [0m] Started Pollinate to seed the pseudo random number generator.
[[0;32m  OK  [0m] Started Set console scheme.
         Starting OpenBSD Secure Shell server...
[[0;32m  OK  [0m] Started OpenBSD Secure Shell server.
[[0;32m  OK  [0m] Reached target Multi-User System.
[[0;32m  OK  [0m] Reached target Graphical Interface.
         Starting Update UTMP about System Runlevel Changes...
[[0;32m  OK  [0m] Started Update UTMP about System Runlevel Changes.
[   17.965083] cloud-init[1083]: Generating locales (this might take a while)...
[   18.766609] cloud-init[1083]:   en_US.UTF-8... done
[   18.767984] cloud-init[1083]: Generation complete.
[   19.136920] cloud-init[1083]: Cloud-init v. 18.2 running 'modules:config' at Sat, 26 May 2018 12:20:53 +0000. Up 17.77 seconds.
[[0;32m  OK  [0m] Created slice User Slice of vagrant.
         Starting User Manager for UID 1000...
[[0;32m  OK  [0m] Started Apply the settings specified in cloud-config.
[[0;32m  OK  [0m] Started Session 1 of user vagrant.
         Starting Execute cloud user/final scripts...
[[0;32m  OK  [0m] Started User Manager for UID 1000.
ci-info: no authorized ssh keys fingerprints found for user ubuntu.
<14>May 26 12:20:55 ec2: 
<14>May 26 12:20:55 ec2: #############################################################
<14>May 26 12:20:55 ec2: -----BEGIN SSH HOST KEY FINGERPRINTS-----
<14>May 26 12:20:55 ec2: 1024 SHA256:R3hqIFO9sSkUlpXxtR74DXvO9BtvEzHYUChsfPlDLGM root@ubuntu-xenial (DSA)
<14>May 26 12:20:55 ec2: 256 SHA256:ueOSGkZypWfwJBx7rYgOE/xBccwaZIxdzexlUB+1jws root@ubuntu-xenial (ECDSA)
<14>May 26 12:20:55 ec2: 256 SHA256:tyKL6LziKhgFBeVdFoQ8g3BZZNGuAsNGk1Ej3qufm6U root@ubuntu-xenial (ED25519)
<14>May 26 12:20:55 ec2: 2048 SHA256:8vrqEZ6MWuel+y/7MNCbKOdtWwSE7H5E9sli5uye5tk root@ubuntu-xenial (RSA)
<14>May 26 12:20:55 ec2: -----END SSH HOST KEY FINGERPRINTS-----
<14>May 26 12:20:55 ec2: #############################################################
-----BEGIN SSH HOST KEY KEYS-----
ecdsa-sha2-nistp256 AAAAE2VjZHNhLXNoYTItbmlzdHAyNTYAAAAIbmlzdHAyNTYAAABBBGXMlIAftNjlwP76VZp/XOj9l3c0ILVsqZt06H4AOI28FseeVdibqqvv3OpkIkJYbFZIxpbim2UEIU+oRRk/HeI= root@ubuntu-xenial
ssh-ed25519 AAAAC3NzaC1lZDI1NTE5AAAAII6FMIrE/jsVXSV6YlsUSzl87gYx+Hwo31ItGXfC3e66 root@ubuntu-xenial
ssh-rsa AAAAB3NzaC1yc2EAAAADAQABAAABAQDT9BENqFii4T3vKaTwmk0zwvBLqTSfZxRDAMuqXAkD66OVYj2pvIcCVundFpH+XQqpxECsNB0ylEYT7q9kTN2qDJ7wM0pRHdlXHoE3s97TPSFd6JflZep22LrtTTvi2xa7seDAwMj3+5KASXvrCsBJXCzO4Nxzy1pDZ1A8lcN6yyyapB8Dz4JBNR20KirLgzBJhhU/8UcEoIqvCxIcWholfJ7PCXaM6Y/LRe00vLeZ7/RKl+jenkjmGb00IlZU7s2Y72HexMk49WAcP0jkcI73xbJ62yCVpvxJen/4RMeHUdOp4zzQjiRt8AyaVZ3Us5DDEImfn20tnkIKOjhTXUQB root@ubuntu-xenial
-----END SSH HOST KEY KEYS-----
[   19.787774] cloud-init[1332]: Cloud-init v. 18.2 running 'modules:final' at Sat, 26 May 2018 12:20:55 +0000. Up 19.49 seconds.
[   19.790458] cloud-init[1332]: ci-info: no authorized ssh keys fingerprints found for user ubuntu.
[   19.795347] cloud-init[1332]: Cloud-init v. 18.2 finished at Sat, 26 May 2018 12:20:56 +0000. Datasource DataSourceNoCloud [seed=/dev/sdb][dsmode=net].  Up 19.77 seconds
[[0;32m  OK  [0m] Started Execute cloud user/final scripts.
[[0;32m  OK  [0m] Reached target Cloud-init target.

Ubuntu 16.04.4 LTS ubuntu-xenial ttyS0

ubuntu-xenial login: 